C:/Users/LabMeas/STM32Cube/Repository/STM32Cube_FW_WL_V1.3.1/Drivers/STM32WLxx_HAL_Driver/Inc/stm32wlxx_ll_rcc.h:1971:22:LL_RCC_SetClkAfterWakeFromStop	16	static
C:/Users/LabMeas/STM32Cube/Repository/STM32Cube_FW_WL_V1.3.1/Drivers/STM32WLxx_HAL_Driver/Inc/stm32wlxx_ll_system.h:1880:26:LL_FLASH_GetUDN	4	static
C:/Users/LabMeas/STM32Cube/Repository/STM32Cube_FW_WL_V1.3.1/Drivers/STM32WLxx_HAL_Driver/Inc/stm32wlxx_ll_system.h:1890:26:LL_FLASH_GetDeviceID	4	static
C:/Users/LabMeas/STM32Cube/Repository/STM32Cube_FW_WL_V1.3.1/Drivers/STM32WLxx_HAL_Driver/Inc/stm32wlxx_ll_system.h:1900:26:LL_FLASH_GetSTCompanyID	4	static
../Core/Src/sys_app.c:89:6:SystemApp_Init	8	static
../Core/Src/sys_app.c:137:6:UTIL_SEQ_Idle	8	static
../Core/Src/sys_app.c:148:9:GetBatteryLevel	16	static
../Core/Src/sys_app.c:180:9:GetTemperatureLevel	16	static
../Core/Src/sys_app.c:191:6:GetUniqueId	40	static
../Core/Src/sys_app.c:231:6:GetDevAddr	24	static
../Core/Src/sys_app.c:254:13:TimestampNow	32	static
../Core/Src/sys_app.c:268:6:UTIL_ADV_TRACE_PreSendHook	8	static
../Core/Src/sys_app.c:279:6:UTIL_ADV_TRACE_PostSendHook	8	static
../Core/Src/sys_app.c:290:13:tiny_snprintf_like	24	static
../Core/Src/sys_app.c:313:10:HAL_GetTick	16	static
../Core/Src/sys_app.c:345:6:HAL_Delay	16	static
