C:/Users/LabMeas/STM32Cube/Repository/STM32Cube_FW_WL_V1.3.1/Drivers/CMSIS/Include/core_cm4.h:1933:34:__NVIC_SystemReset	4	static,ignoring_inline_asm
../LoRaWAN/App/lora_app.c:372:6:LoRaWAN_Init	32	static
../LoRaWAN/App/lora_app.c:478:6:HAL_UART_RxCpltCallback	16	static
../LoRaWAN/App/lora_app.c:494:10:average_u16_int	24	static
../LoRaWAN/App/lora_app.c:507:6:readCO2	8	static
../LoRaWAN/App/lora_app.c:514:6:printOnUart	24	static
../LoRaWAN/App/lora_app.c:550:6:commUsart1	16	static
../LoRaWAN/App/lora_app.c:725:6:commUsart2	8	static
../LoRaWAN/App/lora_app.c:779:6:HAL_GPIO_EXTI_Callback	16	static
../LoRaWAN/App/lora_app.c:788:13:OnReadTimerEvent	16	static
../LoRaWAN/App/lora_app.c:799:13:OnRxData	56	static
../LoRaWAN/App/lora_app.c:874:13:SendTxData	16	static
../LoRaWAN/App/lora_app.c:929:13:OnTxTimerEvent	16	static
../LoRaWAN/App/lora_app.c:967:13:OnTxData	32	static
../LoRaWAN/App/lora_app.c:995:13:OnJoinRequest	24	static
../LoRaWAN/App/lora_app.c:1022:13:OnBeaconStatusChange	96	static
../LoRaWAN/App/lora_app.c:1057:13:OnSysTimeUpdate	4	static
../LoRaWAN/App/lora_app.c:1064:13:OnClassChange	24	static
../LoRaWAN/App/lora_app.c:1071:13:OnMacProcessNotify	8	static
../LoRaWAN/App/lora_app.c:1083:13:OnTxPeriodicityChanged	16	static
../LoRaWAN/App/lora_app.c:1105:13:OnTxFrameCtrlChanged	16	static
../LoRaWAN/App/lora_app.c:1116:13:OnPingSlotPeriodicityChanged	16	static
../LoRaWAN/App/lora_app.c:1127:13:OnSystemReset	8	static
../LoRaWAN/App/lora_app.c:1141:13:StopJoin	8	static
../LoRaWAN/App/lora_app.c:1175:13:OnStopJoinTimerEvent	16	static
../LoRaWAN/App/lora_app.c:1188:13:StoreContext	16	static
../LoRaWAN/App/lora_app.c:1210:13:OnNvmDataChange	16	static
../LoRaWAN/App/lora_app.c:1228:13:OnStoreContextRequest	16	static
../LoRaWAN/App/lora_app.c:1243:13:OnRestoreContextRequest	16	static
