../LoRaWAN/App/lora_app.c:230:6:LoRaWAN_Init	32	static
../LoRaWAN/App/lora_app.c:309:13:OnRxData	16	static
../LoRaWAN/App/lora_app.c:326:13:OnTxData	16	static
../LoRaWAN/App/lora_app.c:341:13:OnJoinRequest	16	static
../LoRaWAN/App/lora_app.c:355:13:OnBeaconStatusChange	16	static
../LoRaWAN/App/lora_app.c:365:13:OnSysTimeUpdate	4	static
../LoRaWAN/App/lora_app.c:372:13:OnClassChange	16	static
../LoRaWAN/App/lora_app.c:379:13:CmdProcessNotify	8	static
../LoRaWAN/App/lora_app.c:390:13:OnMacProcessNotify	8	static
../LoRaWAN/App/lora_app.c:402:13:OnTxPeriodicityChanged	16	static
../LoRaWAN/App/lora_app.c:409:13:OnTxFrameCtrlChanged	16	static
../LoRaWAN/App/lora_app.c:416:13:OnPingSlotPeriodicityChanged	16	static
../LoRaWAN/App/lora_app.c:427:13:OnSystemReset	4	static
../LoRaWAN/App/lora_app.c:434:13:OnNvmDataChange	16	static
../LoRaWAN/App/lora_app.c:445:13:OnStoreContextRequest	16	static
../LoRaWAN/App/lora_app.c:456:13:OnRestoreContextRequest	16	static
