C:/Users/LabMeas/STM32Cube/Repository/STM32Cube_FW_WL_V1.3.1/Drivers/CMSIS/Include/core_cm4.h:1933:34:__NVIC_SystemReset	4	static,ignoring_inline_asm
../LoRaWAN/App/lora_at.c:179:12:AT_return_ok	16	static
../LoRaWAN/App/lora_at.c:184:12:AT_return_error	16	static
../LoRaWAN/App/lora_at.c:190:6:AT_event_join	16	static
../LoRaWAN/App/lora_at.c:208:6:AT_event_receive	80	static
../LoRaWAN/App/lora_at.c:259:6:AT_event_confirm	16	static
../LoRaWAN/App/lora_at.c:273:6:AT_event_ClassUpdate	24	static
../LoRaWAN/App/lora_at.c:284:6:AT_event_Beacon	96	static
../LoRaWAN/App/lora_at.c:322:6:AT_event_OnNvmDataChange	16	static
../LoRaWAN/App/lora_at.c:334:6:AT_event_OnStoreContextRequest	16	static
../LoRaWAN/App/lora_at.c:343:6:AT_event_OnRestoreContextRequest	16	static
../LoRaWAN/App/lora_at.c:349:12:AT_version_get	40	static
../LoRaWAN/App/lora_at.c:395:12:AT_verbose_get	16	static
../LoRaWAN/App/lora_at.c:407:12:AT_verbose_set	24	static
../LoRaWAN/App/lora_at.c:435:12:AT_LocalTime_get	96	static
../LoRaWAN/App/lora_at.c:458:12:AT_reset	16	static
../LoRaWAN/App/lora_at.c:470:12:AT_restore_factory_settings	16	static
../LoRaWAN/App/lora_at.c:488:12:AT_store_context	24	static
../LoRaWAN/App/lora_at.c:513:12:AT_JoinEUI_get	24	static
../LoRaWAN/App/lora_at.c:531:12:AT_JoinEUI_set	48	static
../LoRaWAN/App/lora_at.c:555:12:AT_NwkKey_get	32	static
../LoRaWAN/App/lora_at.c:573:12:AT_NwkKey_set	32	static
../LoRaWAN/App/lora_at.c:595:12:AT_AppKey_get	32	static
../LoRaWAN/App/lora_at.c:613:12:AT_AppKey_set	32	static
../LoRaWAN/App/lora_at.c:635:12:AT_NwkSKey_get	32	static
../LoRaWAN/App/lora_at.c:653:12:AT_NwkSKey_set	32	static
../LoRaWAN/App/lora_at.c:675:12:AT_AppSKey_get	32	static
../LoRaWAN/App/lora_at.c:693:12:AT_AppSKey_set	32	static
../LoRaWAN/App/lora_at.c:715:12:AT_DevAddr_get	24	static
../LoRaWAN/App/lora_at.c:733:12:AT_DevAddr_set	24	static
../LoRaWAN/App/lora_at.c:755:12:AT_DevEUI_get	24	static
../LoRaWAN/App/lora_at.c:773:12:AT_DevEUI_set	48	static
../LoRaWAN/App/lora_at.c:797:12:AT_NetworkID_get	24	static
../LoRaWAN/App/lora_at.c:815:12:AT_NetworkID_set	24	static
../LoRaWAN/App/lora_at.c:839:12:AT_Join	16	static
../LoRaWAN/App/lora_at.c:862:12:AT_Link_Check	16	static
../LoRaWAN/App/lora_at.c:878:12:AT_Send	40	static
../LoRaWAN/App/lora_at.c:1002:12:AT_ADR_get	24	static
../LoRaWAN/App/lora_at.c:1020:12:AT_ADR_set	16	static
../LoRaWAN/App/lora_at.c:1041:12:AT_DataRate_get	24	static
../LoRaWAN/App/lora_at.c:1059:12:AT_DataRate_set	24	static
../LoRaWAN/App/lora_at.c:1086:12:AT_Region_get	80	static
../LoRaWAN/App/lora_at.c:1113:12:AT_Region_set	24	static
../LoRaWAN/App/lora_at.c:1139:12:AT_DeviceClass_get	32	static
../LoRaWAN/App/lora_at.c:1194:12:AT_DeviceClass_set	24	static
../LoRaWAN/App/lora_at.c:1248:12:AT_DutyCycle_get	24	static
../LoRaWAN/App/lora_at.c:1266:12:AT_DutyCycle_set	16	static
../LoRaWAN/App/lora_at.c:1287:12:AT_JoinAcceptDelay1_get	24	static
../LoRaWAN/App/lora_at.c:1305:12:AT_JoinAcceptDelay1_set	24	static
../LoRaWAN/App/lora_at.c:1326:12:AT_JoinAcceptDelay2_get	24	static
../LoRaWAN/App/lora_at.c:1344:12:AT_JoinAcceptDelay2_set	24	static
../LoRaWAN/App/lora_at.c:1365:12:AT_Rx1Delay_get	24	static
../LoRaWAN/App/lora_at.c:1383:12:AT_Rx1Delay_set	24	static
../LoRaWAN/App/lora_at.c:1404:12:AT_Rx2Delay_get	24	static
../LoRaWAN/App/lora_at.c:1422:12:AT_Rx2Delay_set	24	static
../LoRaWAN/App/lora_at.c:1443:12:AT_Rx2DataRate_get	24	static
../LoRaWAN/App/lora_at.c:1457:12:AT_Rx2DataRate_set	24	static
../LoRaWAN/App/lora_at.c:1487:12:AT_Rx2Frequency_get	24	static
../LoRaWAN/App/lora_at.c:1501:12:AT_Rx2Frequency_set	24	static
../LoRaWAN/App/lora_at.c:1527:12:AT_TransmitPower_get	24	static
../LoRaWAN/App/lora_at.c:1545:12:AT_TransmitPower_set	24	static
../LoRaWAN/App/lora_at.c:1567:12:AT_PingSlot_get	24	static
../LoRaWAN/App/lora_at.c:1586:12:AT_PingSlot_set	24	static
../LoRaWAN/App/lora_at.c:1613:12:AT_test_txTone	16	static
../LoRaWAN/App/lora_at.c:1631:12:AT_test_rxRssi	16	static
../LoRaWAN/App/lora_at.c:1649:12:AT_test_get_config	112	static
../LoRaWAN/App/lora_at.c:1714:12:AT_test_set_config	168	static
../LoRaWAN/App/lora_at.c:1939:12:AT_test_tx	24	static
../LoRaWAN/App/lora_at.c:1966:12:AT_test_rx	24	static
../LoRaWAN/App/lora_at.c:1993:12:AT_test_tx_hopping	112	static
../LoRaWAN/App/lora_at.c:2055:12:AT_test_stop	16	static
../LoRaWAN/App/lora_at.c:2069:12:AT_write_register	24	static
../LoRaWAN/App/lora_at.c:2101:12:AT_read_register	32	static
../LoRaWAN/App/lora_at.c:2131:12:AT_Certif	24	static
../LoRaWAN/App/lora_at.c:2158:12:AT_bat_get	16	static
../LoRaWAN/App/lora_at.c:2176:16:sscanf_uint32_as_hhx	24	static
../LoRaWAN/App/lora_at.c:2191:16:sscanf_16_hhx	120	static
../LoRaWAN/App/lora_at.c:2205:13:print_uint32_as_02x	32	static
../LoRaWAN/App/lora_at.c:2220:13:print_16_02x	128	static
../LoRaWAN/App/lora_at.c:2235:13:print_8_02x	64	static
../LoRaWAN/App/lora_at.c:2247:13:print_d	24	static
../LoRaWAN/App/lora_at.c:2258:13:print_u	24	static
../LoRaWAN/App/lora_at.c:2269:13:OnCertifTimer	16	static
../LoRaWAN/App/lora_at.c:2280:13:CertifSend	8	static
../LoRaWAN/App/lora_at.c:2297:16:Char2Nibble	16	static
../LoRaWAN/App/lora_at.c:2320:16:stringToData	40	static
../LoRaWAN/App/lora_at.c:2354:16:isHex	16	static
